-- Persistent Data
local multiRefObjects = {

} -- multiRefObjects
local obj1 = {
	["map"] = {
		[1] = {
			[1] = {
				["index"] = 0;
				["solid"] = false;
			};
			[2] = {
				["index"] = 0;
				["solid"] = false;
			};
			[3] = {
				["index"] = 0;
				["solid"] = false;
			};
			[4] = {
				["index"] = 0;
				["solid"] = false;
			};
			[5] = {
				["index"] = 0;
				["solid"] = false;
			};
			[6] = {
				["index"] = 0;
				["solid"] = false;
			};
			[7] = {
				["index"] = 0;
				["solid"] = false;
			};
			[8] = {
				["index"] = 0;
				["solid"] = false;
			};
			[9] = {
				["index"] = 0;
				["solid"] = false;
			};
			[10] = {
				["index"] = 0;
				["solid"] = false;
			};
			[11] = {
				["index"] = 0;
				["solid"] = false;
			};
			[12] = {
				["index"] = 0;
				["solid"] = false;
			};
			[13] = {
				["index"] = 0;
				["solid"] = false;
			};
			[14] = {
				["index"] = 0;
				["solid"] = false;
			};
			[15] = {
				["index"] = 0;
				["solid"] = false;
			};
			[16] = {
				["index"] = 0;
				["solid"] = false;
			};
			[17] = {
				["index"] = 0;
				["solid"] = false;
			};
			[18] = {
				["index"] = 0;
				["solid"] = false;
			};
			[19] = {
				["index"] = 24;
				["solid"] = true;
			};
			[0] = {
				["index"] = 0;
				["solid"] = false;
			};
		};
		[2] = {
			[1] = {
				["index"] = 0;
				["solid"] = false;
			};
			[2] = {
				["index"] = 0;
				["solid"] = false;
			};
			[3] = {
				["index"] = 0;
				["solid"] = false;
			};
			[4] = {
				["index"] = 0;
				["solid"] = false;
			};
			[5] = {
				["index"] = 0;
				["solid"] = false;
			};
			[6] = {
				["index"] = 0;
				["solid"] = false;
			};
			[7] = {
				["index"] = 0;
				["solid"] = false;
			};
			[8] = {
				["index"] = 0;
				["solid"] = false;
			};
			[9] = {
				["index"] = 0;
				["solid"] = false;
			};
			[10] = {
				["index"] = 0;
				["solid"] = false;
			};
			[11] = {
				["index"] = 0;
				["solid"] = false;
			};
			[12] = {
				["index"] = 0;
				["solid"] = false;
			};
			[13] = {
				["index"] = 0;
				["solid"] = false;
			};
			[14] = {
				["index"] = 0;
				["solid"] = false;
			};
			[15] = {
				["index"] = 0;
				["solid"] = false;
			};
			[16] = {
				["index"] = 0;
				["solid"] = false;
			};
			[17] = {
				["index"] = 0;
				["solid"] = false;
			};
			[18] = {
				["index"] = 0;
				["solid"] = false;
			};
			[19] = {
				["index"] = 24;
				["solid"] = true;
			};
			[0] = {
				["index"] = 0;
				["solid"] = false;
			};
		};
		[3] = {
			[1] = {
				["index"] = 0;
				["solid"] = false;
			};
			[2] = {
				["index"] = 0;
				["solid"] = false;
			};
			[3] = {
				["index"] = 0;
				["solid"] = false;
			};
			[4] = {
				["index"] = 0;
				["solid"] = false;
			};
			[5] = {
				["index"] = 0;
				["solid"] = false;
			};
			[6] = {
				["index"] = 0;
				["solid"] = false;
			};
			[7] = {
				["index"] = 0;
				["solid"] = false;
			};
			[8] = {
				["index"] = 0;
				["solid"] = false;
			};
			[9] = {
				["index"] = 0;
				["solid"] = false;
			};
			[10] = {
				["index"] = 0;
				["solid"] = false;
			};
			[11] = {
				["index"] = 0;
				["solid"] = false;
			};
			[12] = {
				["index"] = 0;
				["solid"] = false;
			};
			[13] = {
				["index"] = 0;
				["solid"] = false;
			};
			[14] = {
				["index"] = 0;
				["solid"] = false;
			};
			[15] = {
				["index"] = 0;
				["solid"] = false;
			};
			[16] = {
				["index"] = 0;
				["solid"] = false;
			};
			[17] = {
				["index"] = 0;
				["solid"] = false;
			};
			[18] = {
				["index"] = 0;
				["solid"] = false;
			};
			[19] = {
				["index"] = 24;
				["solid"] = true;
			};
			[0] = {
				["index"] = 0;
				["solid"] = false;
			};
		};
		[4] = {
			[1] = {
				["index"] = 0;
				["solid"] = false;
			};
			[2] = {
				["index"] = 0;
				["solid"] = false;
			};
			[3] = {
				["index"] = 0;
				["solid"] = false;
			};
			[4] = {
				["index"] = 0;
				["solid"] = false;
			};
			[5] = {
				["index"] = 0;
				["solid"] = false;
			};
			[6] = {
				["index"] = 0;
				["solid"] = false;
			};
			[7] = {
				["index"] = 0;
				["solid"] = false;
			};
			[8] = {
				["index"] = 0;
				["solid"] = false;
			};
			[9] = {
				["index"] = 0;
				["solid"] = false;
			};
			[10] = {
				["index"] = 0;
				["solid"] = false;
			};
			[11] = {
				["index"] = 0;
				["solid"] = false;
			};
			[12] = {
				["index"] = 0;
				["solid"] = false;
			};
			[13] = {
				["index"] = 0;
				["solid"] = false;
			};
			[14] = {
				["index"] = 0;
				["solid"] = false;
			};
			[15] = {
				["index"] = 0;
				["solid"] = false;
			};
			[16] = {
				["index"] = 0;
				["solid"] = false;
			};
			[17] = {
				["index"] = 0;
				["solid"] = false;
			};
			[18] = {
				["index"] = 0;
				["solid"] = false;
			};
			[19] = {
				["index"] = 24;
				["solid"] = true;
			};
			[0] = {
				["index"] = 0;
				["solid"] = false;
			};
		};
		[5] = {
			[1] = {
				["index"] = 4;
				["solid"] = true;
			};
			[2] = {
				["index"] = 4;
				["solid"] = true;
			};
			[3] = {
				["index"] = 4;
				["solid"] = true;
			};
			[4] = {
				["index"] = 4;
				["solid"] = true;
			};
			[5] = {
				["index"] = 4;
				["solid"] = true;
			};
			[6] = {
				["index"] = 4;
				["solid"] = true;
			};
			[7] = {
				["index"] = 4;
				["solid"] = true;
			};
			[8] = {
				["index"] = 4;
				["solid"] = true;
			};
			[9] = {
				["index"] = 4;
				["solid"] = true;
			};
			[10] = {
				["index"] = 4;
				["solid"] = true;
			};
			[11] = {
				["index"] = 4;
				["solid"] = true;
			};
			[12] = {
				["index"] = 4;
				["solid"] = true;
			};
			[13] = {
				["index"] = 4;
				["solid"] = true;
			};
			[14] = {
				["index"] = 0;
				["solid"] = false;
			};
			[15] = {
				["index"] = 0;
				["solid"] = false;
			};
			[16] = {
				["index"] = 0;
				["solid"] = false;
			};
			[17] = {
				["index"] = 0;
				["solid"] = false;
			};
			[18] = {
				["index"] = 0;
				["solid"] = false;
			};
			[19] = {
				["index"] = 24;
				["solid"] = true;
			};
			[0] = {
				["index"] = 4;
				["solid"] = true;
			};
		};
		[6] = {
			[1] = {
				["index"] = 4;
				["solid"] = true;
			};
			[2] = {
				["index"] = 4;
				["solid"] = true;
			};
			[3] = {
				["index"] = 4;
				["solid"] = true;
			};
			[4] = {
				["index"] = 4;
				["solid"] = true;
			};
			[5] = {
				["index"] = 4;
				["solid"] = true;
			};
			[6] = {
				["index"] = 4;
				["solid"] = true;
			};
			[7] = {
				["index"] = 4;
				["solid"] = true;
			};
			[8] = {
				["index"] = 4;
				["solid"] = true;
			};
			[9] = {
				["index"] = 4;
				["solid"] = true;
			};
			[10] = {
				["index"] = 4;
				["solid"] = true;
			};
			[11] = {
				["index"] = 4;
				["solid"] = true;
			};
			[12] = {
				["index"] = 4;
				["solid"] = true;
			};
			[13] = {
				["index"] = 4;
				["solid"] = true;
			};
			[14] = {
				["index"] = 0;
				["solid"] = false;
			};
			[15] = {
				["index"] = 0;
				["solid"] = false;
			};
			[16] = {
				["index"] = 0;
				["solid"] = false;
			};
			[17] = {
				["index"] = 0;
				["solid"] = false;
			};
			[18] = {
				["index"] = 0;
				["solid"] = false;
			};
			[19] = {
				["index"] = 24;
				["solid"] = true;
			};
			[0] = {
				["index"] = 4;
				["solid"] = true;
			};
		};
		[7] = {
			[1] = {
				["index"] = 0;
				["solid"] = false;
			};
			[2] = {
				["index"] = 0;
				["solid"] = false;
			};
			[3] = {
				["index"] = 0;
				["solid"] = false;
			};
			[4] = {
				["index"] = 0;
				["solid"] = false;
			};
			[5] = {
				["index"] = 0;
				["solid"] = false;
			};
			[6] = {
				["index"] = 0;
				["solid"] = false;
			};
			[7] = {
				["index"] = 0;
				["solid"] = false;
			};
			[8] = {
				["index"] = 0;
				["solid"] = false;
			};
			[9] = {
				["index"] = 0;
				["solid"] = false;
			};
			[10] = {
				["index"] = 0;
				["solid"] = false;
			};
			[11] = {
				["index"] = 0;
				["solid"] = false;
			};
			[12] = {
				["index"] = 0;
				["solid"] = false;
			};
			[13] = {
				["index"] = 0;
				["solid"] = false;
			};
			[14] = {
				["index"] = 0;
				["solid"] = false;
			};
			[15] = {
				["index"] = 0;
				["solid"] = false;
			};
			[16] = {
				["index"] = 0;
				["solid"] = false;
			};
			[17] = {
				["index"] = 0;
				["solid"] = false;
			};
			[18] = {
				["index"] = 0;
				["solid"] = false;
			};
			[19] = {
				["index"] = 24;
				["solid"] = true;
			};
			[0] = {
				["index"] = 0;
				["solid"] = false;
			};
		};
		[8] = {
			[1] = {
				["index"] = 0;
				["solid"] = false;
			};
			[2] = {
				["index"] = 0;
				["solid"] = false;
			};
			[3] = {
				["index"] = 0;
				["solid"] = false;
			};
			[4] = {
				["index"] = 0;
				["solid"] = false;
			};
			[5] = {
				["index"] = 0;
				["solid"] = false;
			};
			[6] = {
				["index"] = 0;
				["solid"] = false;
			};
			[7] = {
				["index"] = 0;
				["solid"] = false;
			};
			[8] = {
				["index"] = 0;
				["solid"] = false;
			};
			[9] = {
				["index"] = 0;
				["solid"] = false;
			};
			[10] = {
				["index"] = 0;
				["solid"] = false;
			};
			[11] = {
				["index"] = 0;
				["solid"] = false;
			};
			[12] = {
				["index"] = 0;
				["solid"] = false;
			};
			[13] = {
				["index"] = 0;
				["solid"] = false;
			};
			[14] = {
				["index"] = 0;
				["solid"] = false;
			};
			[15] = {
				["index"] = 0;
				["solid"] = false;
			};
			[16] = {
				["index"] = 0;
				["solid"] = false;
			};
			[17] = {
				["index"] = 0;
				["solid"] = false;
			};
			[18] = {
				["index"] = 0;
				["solid"] = false;
			};
			[19] = {
				["index"] = 24;
				["solid"] = true;
			};
			[0] = {
				["index"] = 0;
				["solid"] = false;
			};
		};
		[9] = {
			[1] = {
				["index"] = 0;
				["solid"] = false;
			};
			[2] = {
				["index"] = 0;
				["solid"] = false;
			};
			[3] = {
				["index"] = 0;
				["solid"] = false;
			};
			[4] = {
				["index"] = 0;
				["solid"] = false;
			};
			[5] = {
				["index"] = 0;
				["solid"] = false;
			};
			[6] = {
				["index"] = 0;
				["solid"] = false;
			};
			[7] = {
				["index"] = 0;
				["solid"] = false;
			};
			[8] = {
				["index"] = 0;
				["solid"] = false;
			};
			[9] = {
				["index"] = 0;
				["solid"] = false;
			};
			[10] = {
				["index"] = 0;
				["solid"] = false;
			};
			[11] = {
				["index"] = 0;
				["solid"] = false;
			};
			[12] = {
				["index"] = 0;
				["solid"] = false;
			};
			[13] = {
				["index"] = 0;
				["solid"] = false;
			};
			[14] = {
				["index"] = 0;
				["solid"] = false;
			};
			[15] = {
				["index"] = 0;
				["solid"] = false;
			};
			[16] = {
				["index"] = 0;
				["solid"] = false;
			};
			[17] = {
				["index"] = 0;
				["solid"] = false;
			};
			[18] = {
				["index"] = 0;
				["solid"] = false;
			};
			[19] = {
				["index"] = 24;
				["solid"] = true;
			};
			[0] = {
				["index"] = 0;
				["solid"] = false;
			};
		};
		[10] = {
			[1] = {
				["index"] = 0;
				["solid"] = false;
			};
			[2] = {
				["index"] = 0;
				["solid"] = false;
			};
			[3] = {
				["index"] = 0;
				["solid"] = false;
			};
			[4] = {
				["index"] = 0;
				["solid"] = false;
			};
			[5] = {
				["index"] = 0;
				["solid"] = false;
			};
			[6] = {
				["index"] = 0;
				["solid"] = false;
			};
			[7] = {
				["index"] = 0;
				["solid"] = false;
			};
			[8] = {
				["index"] = 0;
				["solid"] = false;
			};
			[9] = {
				["index"] = 0;
				["solid"] = false;
			};
			[10] = {
				["index"] = 0;
				["solid"] = false;
			};
			[11] = {
				["index"] = 0;
				["solid"] = false;
			};
			[12] = {
				["index"] = 0;
				["solid"] = false;
			};
			[13] = {
				["index"] = 0;
				["solid"] = false;
			};
			[14] = {
				["index"] = 0;
				["solid"] = false;
			};
			[15] = {
				["index"] = 0;
				["solid"] = false;
			};
			[16] = {
				["index"] = 0;
				["solid"] = false;
			};
			[17] = {
				["index"] = 0;
				["solid"] = false;
			};
			[18] = {
				["index"] = 0;
				["solid"] = false;
			};
			[19] = {
				["index"] = 24;
				["solid"] = true;
			};
			[0] = {
				["index"] = 0;
				["solid"] = false;
			};
		};
		[11] = {
			[1] = {
				["index"] = 0;
				["solid"] = false;
			};
			[2] = {
				["index"] = 0;
				["solid"] = false;
			};
			[3] = {
				["index"] = 0;
				["solid"] = false;
			};
			[4] = {
				["index"] = 0;
				["solid"] = false;
			};
			[5] = {
				["index"] = 0;
				["solid"] = false;
			};
			[6] = {
				["index"] = 0;
				["solid"] = false;
			};
			[7] = {
				["index"] = 0;
				["solid"] = false;
			};
			[8] = {
				["index"] = 0;
				["solid"] = false;
			};
			[9] = {
				["index"] = 0;
				["solid"] = false;
			};
			[10] = {
				["index"] = 0;
				["solid"] = false;
			};
			[11] = {
				["index"] = 0;
				["solid"] = false;
			};
			[12] = {
				["index"] = 0;
				["solid"] = false;
			};
			[13] = {
				["index"] = 0;
				["solid"] = false;
			};
			[14] = {
				["index"] = 0;
				["solid"] = false;
			};
			[15] = {
				["index"] = 0;
				["solid"] = false;
			};
			[16] = {
				["index"] = 0;
				["solid"] = false;
			};
			[17] = {
				["index"] = 0;
				["solid"] = false;
			};
			[18] = {
				["index"] = 0;
				["solid"] = false;
			};
			[19] = {
				["index"] = 24;
				["solid"] = true;
			};
			[0] = {
				["index"] = 0;
				["solid"] = false;
			};
		};
		[12] = {
			[1] = {
				["index"] = 0;
				["solid"] = false;
			};
			[2] = {
				["index"] = 0;
				["solid"] = false;
			};
			[3] = {
				["index"] = 0;
				["solid"] = false;
			};
			[4] = {
				["index"] = 0;
				["solid"] = false;
			};
			[5] = {
				["index"] = 0;
				["solid"] = false;
			};
			[6] = {
				["index"] = 0;
				["solid"] = false;
			};
			[7] = {
				["index"] = 0;
				["solid"] = false;
			};
			[8] = {
				["index"] = 0;
				["solid"] = false;
			};
			[9] = {
				["index"] = 0;
				["solid"] = false;
			};
			[10] = {
				["index"] = 0;
				["solid"] = false;
			};
			[11] = {
				["index"] = 0;
				["solid"] = false;
			};
			[12] = {
				["index"] = 0;
				["solid"] = false;
			};
			[13] = {
				["index"] = 0;
				["solid"] = false;
			};
			[14] = {
				["index"] = 0;
				["solid"] = false;
			};
			[15] = {
				["index"] = 0;
				["solid"] = false;
			};
			[16] = {
				["index"] = 0;
				["solid"] = false;
			};
			[17] = {
				["index"] = 0;
				["solid"] = false;
			};
			[18] = {
				["index"] = 0;
				["solid"] = false;
			};
			[19] = {
				["index"] = 24;
				["solid"] = true;
			};
			[0] = {
				["index"] = 0;
				["solid"] = false;
			};
		};
		[13] = {
			[1] = {
				["index"] = 0;
				["solid"] = false;
			};
			[2] = {
				["index"] = 0;
				["solid"] = false;
			};
			[3] = {
				["index"] = 0;
				["solid"] = false;
			};
			[4] = {
				["index"] = 0;
				["solid"] = false;
			};
			[5] = {
				["index"] = 0;
				["solid"] = false;
			};
			[6] = {
				["index"] = 0;
				["solid"] = false;
			};
			[7] = {
				["index"] = 0;
				["solid"] = false;
			};
			[8] = {
				["index"] = 0;
				["solid"] = false;
			};
			[9] = {
				["index"] = 0;
				["solid"] = false;
			};
			[10] = {
				["index"] = 0;
				["solid"] = false;
			};
			[11] = {
				["index"] = 0;
				["solid"] = false;
			};
			[12] = {
				["index"] = 0;
				["solid"] = false;
			};
			[13] = {
				["index"] = 0;
				["solid"] = false;
			};
			[14] = {
				["index"] = 0;
				["solid"] = false;
			};
			[15] = {
				["index"] = 0;
				["solid"] = false;
			};
			[16] = {
				["index"] = 0;
				["solid"] = false;
			};
			[17] = {
				["index"] = 0;
				["solid"] = false;
			};
			[18] = {
				["index"] = 0;
				["solid"] = false;
			};
			[19] = {
				["index"] = 24;
				["solid"] = true;
			};
			[0] = {
				["index"] = 0;
				["solid"] = false;
			};
		};
		[14] = {
			[1] = {
				["index"] = 0;
				["solid"] = false;
			};
			[2] = {
				["index"] = 0;
				["solid"] = false;
			};
			[3] = {
				["index"] = 0;
				["solid"] = false;
			};
			[4] = {
				["index"] = 0;
				["solid"] = false;
			};
			[5] = {
				["index"] = 0;
				["solid"] = false;
			};
			[6] = {
				["index"] = 0;
				["solid"] = false;
			};
			[7] = {
				["index"] = 0;
				["solid"] = false;
			};
			[8] = {
				["index"] = 0;
				["solid"] = false;
			};
			[9] = {
				["index"] = 0;
				["solid"] = false;
			};
			[10] = {
				["index"] = 0;
				["solid"] = false;
			};
			[11] = {
				["index"] = 0;
				["solid"] = false;
			};
			[12] = {
				["index"] = 0;
				["solid"] = false;
			};
			[13] = {
				["index"] = 0;
				["solid"] = false;
			};
			[14] = {
				["index"] = 0;
				["solid"] = false;
			};
			[15] = {
				["index"] = 0;
				["solid"] = false;
			};
			[16] = {
				["index"] = 0;
				["solid"] = false;
			};
			[17] = {
				["index"] = 0;
				["solid"] = false;
			};
			[18] = {
				["index"] = 0;
				["solid"] = false;
			};
			[19] = {
				["index"] = 24;
				["solid"] = true;
			};
			[0] = {
				["index"] = 0;
				["solid"] = false;
			};
		};
		[15] = {
			[1] = {
				["index"] = 0;
				["solid"] = false;
			};
			[2] = {
				["index"] = 0;
				["solid"] = false;
			};
			[3] = {
				["index"] = 0;
				["solid"] = false;
			};
			[4] = {
				["index"] = 0;
				["solid"] = false;
			};
			[5] = {
				["index"] = 0;
				["solid"] = false;
			};
			[6] = {
				["index"] = 0;
				["solid"] = false;
			};
			[7] = {
				["index"] = 0;
				["solid"] = false;
			};
			[8] = {
				["index"] = 0;
				["solid"] = false;
			};
			[9] = {
				["index"] = 0;
				["solid"] = false;
			};
			[10] = {
				["index"] = 0;
				["solid"] = false;
			};
			[11] = {
				["index"] = 0;
				["solid"] = false;
			};
			[12] = {
				["index"] = 0;
				["solid"] = false;
			};
			[13] = {
				["index"] = 0;
				["solid"] = false;
			};
			[14] = {
				["index"] = 0;
				["solid"] = false;
			};
			[15] = {
				["index"] = 0;
				["solid"] = false;
			};
			[16] = {
				["index"] = 0;
				["solid"] = false;
			};
			[17] = {
				["index"] = 0;
				["solid"] = false;
			};
			[18] = {
				["index"] = 0;
				["solid"] = false;
			};
			[19] = {
				["index"] = 24;
				["solid"] = true;
			};
			[0] = {
				["index"] = 0;
				["solid"] = false;
			};
		};
		[16] = {
			[1] = {
				["index"] = 0;
				["solid"] = false;
			};
			[2] = {
				["index"] = 0;
				["solid"] = false;
			};
			[3] = {
				["index"] = 0;
				["solid"] = false;
			};
			[4] = {
				["index"] = 0;
				["solid"] = false;
			};
			[5] = {
				["index"] = 0;
				["solid"] = false;
			};
			[6] = {
				["index"] = 0;
				["solid"] = false;
			};
			[7] = {
				["index"] = 0;
				["solid"] = false;
			};
			[8] = {
				["index"] = 0;
				["solid"] = false;
			};
			[9] = {
				["index"] = 1;
				["solid"] = true;
			};
			[10] = {
				["index"] = 7;
				["solid"] = true;
			};
			[11] = {
				["index"] = 7;
				["solid"] = true;
			};
			[12] = {
				["index"] = 7;
				["solid"] = true;
			};
			[13] = {
				["index"] = 13;
				["solid"] = true;
			};
			[14] = {
				["index"] = 0;
				["solid"] = false;
			};
			[15] = {
				["index"] = 0;
				["solid"] = false;
			};
			[16] = {
				["index"] = 0;
				["solid"] = false;
			};
			[17] = {
				["index"] = 0;
				["solid"] = false;
			};
			[18] = {
				["index"] = 0;
				["solid"] = false;
			};
			[19] = {
				["index"] = 24;
				["solid"] = true;
			};
			[0] = {
				["index"] = 0;
				["solid"] = false;
			};
		};
		[17] = {
			[1] = {
				["index"] = 0;
				["solid"] = false;
			};
			[2] = {
				["index"] = 0;
				["solid"] = false;
			};
			[3] = {
				["index"] = 0;
				["solid"] = false;
			};
			[4] = {
				["index"] = 0;
				["solid"] = false;
			};
			[5] = {
				["index"] = 0;
				["solid"] = false;
			};
			[6] = {
				["index"] = 0;
				["solid"] = false;
			};
			[7] = {
				["index"] = 0;
				["solid"] = false;
			};
			[8] = {
				["index"] = 0;
				["solid"] = false;
			};
			[9] = {
				["index"] = 2;
				["solid"] = true;
			};
			[10] = {
				["index"] = 8;
				["solid"] = true;
			};
			[11] = {
				["index"] = 8;
				["solid"] = true;
			};
			[12] = {
				["index"] = 8;
				["solid"] = true;
			};
			[13] = {
				["index"] = 14;
				["solid"] = true;
			};
			[14] = {
				["index"] = 0;
				["solid"] = false;
			};
			[15] = {
				["index"] = 0;
				["solid"] = false;
			};
			[16] = {
				["index"] = 0;
				["solid"] = false;
			};
			[17] = {
				["index"] = 0;
				["solid"] = false;
			};
			[18] = {
				["index"] = 0;
				["solid"] = false;
			};
			[19] = {
				["index"] = 24;
				["solid"] = true;
			};
			[0] = {
				["index"] = 0;
				["solid"] = false;
			};
		};
		[18] = {
			[1] = {
				["index"] = 0;
				["solid"] = false;
			};
			[2] = {
				["index"] = 0;
				["solid"] = false;
			};
			[3] = {
				["index"] = 0;
				["solid"] = false;
			};
			[4] = {
				["index"] = 0;
				["solid"] = false;
			};
			[5] = {
				["index"] = 0;
				["solid"] = false;
			};
			[6] = {
				["index"] = 0;
				["solid"] = false;
			};
			[7] = {
				["index"] = 0;
				["solid"] = false;
			};
			[8] = {
				["index"] = 0;
				["solid"] = false;
			};
			[9] = {
				["index"] = 2;
				["solid"] = true;
			};
			[10] = {
				["index"] = 8;
				["solid"] = true;
			};
			[11] = {
				["index"] = 8;
				["solid"] = true;
			};
			[12] = {
				["index"] = 8;
				["solid"] = true;
			};
			[13] = {
				["index"] = 14;
				["solid"] = true;
			};
			[14] = {
				["index"] = 0;
				["solid"] = false;
			};
			[15] = {
				["index"] = 0;
				["solid"] = false;
			};
			[16] = {
				["index"] = 0;
				["solid"] = false;
			};
			[17] = {
				["index"] = 0;
				["solid"] = false;
			};
			[18] = {
				["index"] = 0;
				["solid"] = false;
			};
			[19] = {
				["index"] = 24;
				["solid"] = true;
			};
			[0] = {
				["index"] = 0;
				["solid"] = false;
			};
		};
		[19] = {
			[1] = {
				["index"] = 0;
				["solid"] = false;
			};
			[2] = {
				["index"] = 0;
				["solid"] = false;
			};
			[3] = {
				["index"] = 0;
				["solid"] = false;
			};
			[4] = {
				["index"] = 0;
				["solid"] = false;
			};
			[5] = {
				["index"] = 0;
				["solid"] = false;
			};
			[6] = {
				["index"] = 0;
				["solid"] = false;
			};
			[7] = {
				["index"] = 0;
				["solid"] = false;
			};
			[8] = {
				["index"] = 0;
				["solid"] = false;
			};
			[9] = {
				["index"] = 3;
				["solid"] = true;
			};
			[10] = {
				["index"] = 9;
				["solid"] = true;
			};
			[11] = {
				["index"] = 9;
				["solid"] = true;
			};
			[12] = {
				["index"] = 9;
				["solid"] = true;
			};
			[13] = {
				["index"] = 15;
				["solid"] = true;
			};
			[14] = {
				["index"] = 0;
				["solid"] = false;
			};
			[15] = {
				["index"] = 0;
				["solid"] = false;
			};
			[16] = {
				["index"] = 0;
				["solid"] = false;
			};
			[17] = {
				["index"] = 0;
				["solid"] = false;
			};
			[18] = {
				["index"] = 0;
				["solid"] = false;
			};
			[19] = {
				["index"] = 24;
				["solid"] = true;
			};
			[0] = {
				["index"] = 0;
				["solid"] = false;
			};
		};
		[20] = {
			[1] = {
				["index"] = 0;
				["solid"] = false;
			};
			[2] = {
				["index"] = 0;
				["solid"] = false;
			};
			[3] = {
				["index"] = 0;
				["solid"] = false;
			};
			[4] = {
				["index"] = 0;
				["solid"] = false;
			};
			[5] = {
				["index"] = 0;
				["solid"] = false;
			};
			[6] = {
				["index"] = 0;
				["solid"] = false;
			};
			[7] = {
				["index"] = 0;
				["solid"] = false;
			};
			[8] = {
				["index"] = 0;
				["solid"] = false;
			};
			[9] = {
				["index"] = 0;
				["solid"] = false;
			};
			[10] = {
				["index"] = 0;
				["solid"] = false;
			};
			[11] = {
				["index"] = 0;
				["solid"] = false;
			};
			[12] = {
				["index"] = 0;
				["solid"] = false;
			};
			[13] = {
				["index"] = 0;
				["solid"] = false;
			};
			[14] = {
				["index"] = 0;
				["solid"] = false;
			};
			[15] = {
				["index"] = 0;
				["solid"] = false;
			};
			[16] = {
				["index"] = 0;
				["solid"] = false;
			};
			[17] = {
				["index"] = 0;
				["solid"] = false;
			};
			[18] = {
				["index"] = 0;
				["solid"] = false;
			};
			[19] = {
				["index"] = 24;
				["solid"] = true;
			};
			[0] = {
				["index"] = 0;
				["solid"] = false;
			};
		};
		[21] = {
			[1] = {
				["index"] = 0;
				["solid"] = false;
			};
			[2] = {
				["index"] = 0;
				["solid"] = false;
			};
			[3] = {
				["index"] = 0;
				["solid"] = false;
			};
			[4] = {
				["index"] = 0;
				["solid"] = false;
			};
			[5] = {
				["index"] = 0;
				["solid"] = false;
			};
			[6] = {
				["index"] = 0;
				["solid"] = false;
			};
			[7] = {
				["index"] = 0;
				["solid"] = false;
			};
			[8] = {
				["index"] = 0;
				["solid"] = false;
			};
			[9] = {
				["index"] = 0;
				["solid"] = false;
			};
			[10] = {
				["index"] = 0;
				["solid"] = false;
			};
			[11] = {
				["index"] = 0;
				["solid"] = false;
			};
			[12] = {
				["index"] = 0;
				["solid"] = false;
			};
			[13] = {
				["index"] = 0;
				["solid"] = false;
			};
			[14] = {
				["index"] = 0;
				["solid"] = false;
			};
			[15] = {
				["index"] = 0;
				["solid"] = false;
			};
			[16] = {
				["index"] = 0;
				["solid"] = false;
			};
			[17] = {
				["index"] = 0;
				["solid"] = false;
			};
			[18] = {
				["index"] = 0;
				["solid"] = false;
			};
			[19] = {
				["index"] = 24;
				["solid"] = true;
			};
			[0] = {
				["index"] = 0;
				["solid"] = false;
			};
		};
		[22] = {
			[1] = {
				["index"] = 0;
				["solid"] = false;
			};
			[2] = {
				["index"] = 0;
				["solid"] = false;
			};
			[3] = {
				["index"] = 0;
				["solid"] = false;
			};
			[4] = {
				["index"] = 0;
				["solid"] = false;
			};
			[5] = {
				["index"] = 0;
				["solid"] = false;
			};
			[6] = {
				["index"] = 0;
				["solid"] = false;
			};
			[7] = {
				["index"] = 0;
				["solid"] = false;
			};
			[8] = {
				["index"] = 0;
				["solid"] = false;
			};
			[9] = {
				["index"] = 0;
				["solid"] = false;
			};
			[10] = {
				["index"] = 0;
				["solid"] = false;
			};
			[11] = {
				["index"] = 0;
				["solid"] = false;
			};
			[12] = {
				["index"] = 0;
				["solid"] = false;
			};
			[13] = {
				["index"] = 0;
				["solid"] = false;
			};
			[14] = {
				["index"] = 0;
				["solid"] = false;
			};
			[15] = {
				["index"] = 0;
				["solid"] = false;
			};
			[16] = {
				["index"] = 0;
				["solid"] = false;
			};
			[17] = {
				["index"] = 0;
				["solid"] = false;
			};
			[18] = {
				["index"] = 0;
				["solid"] = false;
			};
			[19] = {
				["index"] = 24;
				["solid"] = true;
			};
			[0] = {
				["index"] = 0;
				["solid"] = false;
			};
		};
		[23] = {
			[1] = {
				["index"] = 0;
				["solid"] = false;
			};
			[2] = {
				["index"] = 0;
				["solid"] = false;
			};
			[3] = {
				["index"] = 0;
				["solid"] = false;
			};
			[4] = {
				["index"] = 0;
				["solid"] = false;
			};
			[5] = {
				["index"] = 0;
				["solid"] = false;
			};
			[6] = {
				["index"] = 0;
				["solid"] = false;
			};
			[7] = {
				["index"] = 1;
				["solid"] = false;
			};
			[8] = {
				["index"] = 13;
				["solid"] = false;
			};
			[9] = {
				["index"] = 0;
				["solid"] = false;
			};
			[10] = {
				["index"] = 0;
				["solid"] = false;
			};
			[11] = {
				["index"] = 0;
				["solid"] = false;
			};
			[12] = {
				["index"] = 0;
				["solid"] = false;
			};
			[13] = {
				["index"] = 0;
				["solid"] = false;
			};
			[14] = {
				["index"] = 0;
				["solid"] = false;
			};
			[15] = {
				["index"] = 0;
				["solid"] = false;
			};
			[16] = {
				["index"] = 0;
				["solid"] = false;
			};
			[17] = {
				["index"] = 0;
				["solid"] = false;
			};
			[18] = {
				["index"] = 0;
				["solid"] = false;
			};
			[19] = {
				["index"] = 24;
				["solid"] = true;
			};
			[0] = {
				["index"] = 0;
				["solid"] = false;
			};
		};
		[24] = {
			[1] = {
				["index"] = 0;
				["solid"] = false;
			};
			[2] = {
				["index"] = 0;
				["solid"] = false;
			};
			[3] = {
				["index"] = 0;
				["solid"] = false;
			};
			[4] = {
				["index"] = 0;
				["solid"] = false;
			};
			[5] = {
				["index"] = 0;
				["solid"] = false;
			};
			[6] = {
				["index"] = 0;
				["solid"] = false;
			};
			[7] = {
				["index"] = 2;
				["solid"] = false;
			};
			[8] = {
				["index"] = 14;
				["solid"] = false;
			};
			[9] = {
				["index"] = 0;
				["solid"] = false;
			};
			[10] = {
				["index"] = 0;
				["solid"] = false;
			};
			[11] = {
				["index"] = 0;
				["solid"] = false;
			};
			[12] = {
				["index"] = 0;
				["solid"] = false;
			};
			[13] = {
				["index"] = 0;
				["solid"] = false;
			};
			[14] = {
				["index"] = 0;
				["solid"] = false;
			};
			[15] = {
				["index"] = 0;
				["solid"] = false;
			};
			[16] = {
				["index"] = 0;
				["solid"] = false;
			};
			[17] = {
				["index"] = 0;
				["solid"] = false;
			};
			[18] = {
				["index"] = 0;
				["solid"] = false;
			};
			[19] = {
				["index"] = 24;
				["solid"] = true;
			};
			[0] = {
				["index"] = 0;
				["solid"] = false;
			};
		};
		[25] = {
			[1] = {
				["index"] = 0;
				["solid"] = false;
			};
			[2] = {
				["index"] = 0;
				["solid"] = false;
			};
			[3] = {
				["index"] = 0;
				["solid"] = false;
			};
			[4] = {
				["index"] = 0;
				["solid"] = false;
			};
			[5] = {
				["index"] = 0;
				["solid"] = false;
			};
			[6] = {
				["index"] = 0;
				["solid"] = false;
			};
			[7] = {
				["index"] = 2;
				["solid"] = false;
			};
			[8] = {
				["index"] = 14;
				["solid"] = false;
			};
			[9] = {
				["index"] = 0;
				["solid"] = false;
			};
			[10] = {
				["index"] = 0;
				["solid"] = false;
			};
			[11] = {
				["index"] = 0;
				["solid"] = false;
			};
			[12] = {
				["index"] = 0;
				["solid"] = false;
			};
			[13] = {
				["index"] = 0;
				["solid"] = false;
			};
			[14] = {
				["index"] = 0;
				["solid"] = false;
			};
			[15] = {
				["index"] = 0;
				["solid"] = false;
			};
			[16] = {
				["index"] = 0;
				["solid"] = false;
			};
			[17] = {
				["index"] = 0;
				["solid"] = false;
			};
			[18] = {
				["index"] = 0;
				["solid"] = false;
			};
			[19] = {
				["index"] = 24;
				["solid"] = true;
			};
			[0] = {
				["index"] = 0;
				["solid"] = false;
			};
		};
		[26] = {
			[1] = {
				["index"] = 0;
				["solid"] = false;
			};
			[2] = {
				["index"] = 0;
				["solid"] = false;
			};
			[3] = {
				["index"] = 0;
				["solid"] = false;
			};
			[4] = {
				["index"] = 0;
				["solid"] = false;
			};
			[5] = {
				["index"] = 0;
				["solid"] = false;
			};
			[6] = {
				["index"] = 0;
				["solid"] = false;
			};
			[7] = {
				["index"] = 3;
				["solid"] = false;
			};
			[8] = {
				["index"] = 15;
				["solid"] = false;
			};
			[9] = {
				["index"] = 0;
				["solid"] = false;
			};
			[10] = {
				["index"] = 0;
				["solid"] = false;
			};
			[11] = {
				["index"] = 0;
				["solid"] = false;
			};
			[12] = {
				["index"] = 0;
				["solid"] = false;
			};
			[13] = {
				["index"] = 0;
				["solid"] = false;
			};
			[14] = {
				["index"] = 0;
				["solid"] = false;
			};
			[15] = {
				["index"] = 0;
				["solid"] = false;
			};
			[16] = {
				["index"] = 0;
				["solid"] = false;
			};
			[17] = {
				["index"] = 0;
				["solid"] = false;
			};
			[18] = {
				["index"] = 0;
				["solid"] = false;
			};
			[19] = {
				["index"] = 24;
				["solid"] = true;
			};
			[0] = {
				["index"] = 0;
				["solid"] = false;
			};
		};
		[27] = {
			[1] = {
				["index"] = 0;
				["solid"] = false;
			};
			[2] = {
				["index"] = 0;
				["solid"] = false;
			};
			[3] = {
				["index"] = 0;
				["solid"] = false;
			};
			[4] = {
				["index"] = 0;
				["solid"] = false;
			};
			[5] = {
				["index"] = 0;
				["solid"] = false;
			};
			[6] = {
				["index"] = 0;
				["solid"] = false;
			};
			[7] = {
				["index"] = 0;
				["solid"] = false;
			};
			[8] = {
				["index"] = 0;
				["solid"] = false;
			};
			[9] = {
				["index"] = 0;
				["solid"] = false;
			};
			[10] = {
				["index"] = 0;
				["solid"] = false;
			};
			[11] = {
				["index"] = 0;
				["solid"] = false;
			};
			[12] = {
				["index"] = 0;
				["solid"] = false;
			};
			[13] = {
				["index"] = 0;
				["solid"] = false;
			};
			[14] = {
				["index"] = 0;
				["solid"] = false;
			};
			[15] = {
				["index"] = 0;
				["solid"] = false;
			};
			[16] = {
				["index"] = 0;
				["solid"] = false;
			};
			[17] = {
				["index"] = 0;
				["solid"] = false;
			};
			[18] = {
				["index"] = 0;
				["solid"] = false;
			};
			[19] = {
				["index"] = 24;
				["solid"] = true;
			};
			[0] = {
				["index"] = 0;
				["solid"] = false;
			};
		};
		[28] = {
			[1] = {
				["index"] = 0;
				["solid"] = false;
			};
			[2] = {
				["index"] = 0;
				["solid"] = false;
			};
			[3] = {
				["index"] = 0;
				["solid"] = false;
			};
			[4] = {
				["index"] = 0;
				["solid"] = false;
			};
			[5] = {
				["index"] = 0;
				["solid"] = false;
			};
			[6] = {
				["index"] = 0;
				["solid"] = false;
			};
			[7] = {
				["index"] = 0;
				["solid"] = false;
			};
			[8] = {
				["index"] = 0;
				["solid"] = false;
			};
			[9] = {
				["index"] = 0;
				["solid"] = false;
			};
			[10] = {
				["index"] = 0;
				["solid"] = false;
			};
			[11] = {
				["index"] = 0;
				["solid"] = false;
			};
			[12] = {
				["index"] = 0;
				["solid"] = false;
			};
			[13] = {
				["index"] = 0;
				["solid"] = false;
			};
			[14] = {
				["index"] = 0;
				["solid"] = false;
			};
			[15] = {
				["index"] = 0;
				["solid"] = false;
			};
			[16] = {
				["index"] = 0;
				["solid"] = false;
			};
			[17] = {
				["index"] = 0;
				["solid"] = false;
			};
			[18] = {
				["index"] = 0;
				["solid"] = false;
			};
			[19] = {
				["index"] = 24;
				["solid"] = true;
			};
			[0] = {
				["index"] = 0;
				["solid"] = false;
			};
		};
		[29] = {
			[1] = {
				["index"] = 0;
				["solid"] = false;
			};
			[2] = {
				["index"] = 0;
				["solid"] = false;
			};
			[3] = {
				["index"] = 0;
				["solid"] = false;
			};
			[4] = {
				["index"] = 0;
				["solid"] = false;
			};
			[5] = {
				["index"] = 0;
				["solid"] = false;
			};
			[6] = {
				["index"] = 0;
				["solid"] = false;
			};
			[7] = {
				["index"] = 0;
				["solid"] = false;
			};
			[8] = {
				["index"] = 0;
				["solid"] = false;
			};
			[9] = {
				["index"] = 0;
				["solid"] = false;
			};
			[10] = {
				["index"] = 0;
				["solid"] = false;
			};
			[11] = {
				["index"] = 0;
				["solid"] = false;
			};
			[12] = {
				["index"] = 0;
				["solid"] = false;
			};
			[13] = {
				["index"] = 0;
				["solid"] = false;
			};
			[14] = {
				["index"] = 0;
				["solid"] = false;
			};
			[15] = {
				["index"] = 0;
				["solid"] = false;
			};
			[16] = {
				["index"] = 0;
				["solid"] = false;
			};
			[17] = {
				["index"] = 0;
				["solid"] = false;
			};
			[18] = {
				["index"] = 0;
				["solid"] = false;
			};
			[19] = {
				["index"] = 24;
				["solid"] = true;
			};
			[0] = {
				["index"] = 0;
				["solid"] = false;
			};
		};
		[30] = {
			[1] = {
				["index"] = 0;
				["solid"] = false;
			};
			[2] = {
				["index"] = 0;
				["solid"] = false;
			};
			[3] = {
				["index"] = 0;
				["solid"] = false;
			};
			[4] = {
				["index"] = 0;
				["solid"] = false;
			};
			[5] = {
				["index"] = 0;
				["solid"] = false;
			};
			[6] = {
				["index"] = 0;
				["solid"] = false;
			};
			[7] = {
				["index"] = 0;
				["solid"] = false;
			};
			[8] = {
				["index"] = 0;
				["solid"] = false;
			};
			[9] = {
				["index"] = 0;
				["solid"] = false;
			};
			[10] = {
				["index"] = 0;
				["solid"] = false;
			};
			[11] = {
				["index"] = 0;
				["solid"] = false;
			};
			[12] = {
				["index"] = 0;
				["solid"] = false;
			};
			[13] = {
				["index"] = 0;
				["solid"] = false;
			};
			[14] = {
				["index"] = 0;
				["solid"] = false;
			};
			[15] = {
				["index"] = 0;
				["solid"] = false;
			};
			[16] = {
				["index"] = 0;
				["solid"] = false;
			};
			[17] = {
				["index"] = 0;
				["solid"] = false;
			};
			[18] = {
				["index"] = 0;
				["solid"] = false;
			};
			[19] = {
				["index"] = 24;
				["solid"] = true;
			};
			[0] = {
				["index"] = 0;
				["solid"] = false;
			};
		};
		[31] = {
			[1] = {
				["index"] = 0;
				["solid"] = false;
			};
			[2] = {
				["index"] = 0;
				["solid"] = false;
			};
			[3] = {
				["index"] = 0;
				["solid"] = false;
			};
			[4] = {
				["index"] = 0;
				["solid"] = false;
			};
			[5] = {
				["index"] = 0;
				["solid"] = false;
			};
			[6] = {
				["index"] = 0;
				["solid"] = false;
			};
			[7] = {
				["index"] = 0;
				["solid"] = false;
			};
			[8] = {
				["index"] = 0;
				["solid"] = false;
			};
			[9] = {
				["index"] = 0;
				["solid"] = false;
			};
			[10] = {
				["index"] = 0;
				["solid"] = false;
			};
			[11] = {
				["index"] = 0;
				["solid"] = false;
			};
			[12] = {
				["index"] = 0;
				["solid"] = false;
			};
			[13] = {
				["index"] = 0;
				["solid"] = false;
			};
			[14] = {
				["index"] = 0;
				["solid"] = false;
			};
			[15] = {
				["index"] = 0;
				["solid"] = false;
			};
			[16] = {
				["index"] = 0;
				["solid"] = false;
			};
			[17] = {
				["index"] = 0;
				["solid"] = false;
			};
			[18] = {
				["index"] = 0;
				["solid"] = false;
			};
			[19] = {
				["index"] = 24;
				["solid"] = true;
			};
			[0] = {
				["index"] = 0;
				["solid"] = false;
			};
		};
		[32] = {
			[1] = {
				["index"] = 0;
				["solid"] = false;
			};
			[2] = {
				["index"] = 0;
				["solid"] = false;
			};
			[3] = {
				["index"] = 0;
				["solid"] = false;
			};
			[4] = {
				["index"] = 0;
				["solid"] = false;
			};
			[5] = {
				["index"] = 0;
				["solid"] = false;
			};
			[6] = {
				["index"] = 0;
				["solid"] = false;
			};
			[7] = {
				["index"] = 0;
				["solid"] = false;
			};
			[8] = {
				["index"] = 0;
				["solid"] = false;
			};
			[9] = {
				["index"] = 0;
				["solid"] = false;
			};
			[10] = {
				["index"] = 0;
				["solid"] = false;
			};
			[11] = {
				["index"] = 0;
				["solid"] = false;
			};
			[12] = {
				["index"] = 0;
				["solid"] = false;
			};
			[13] = {
				["index"] = 0;
				["solid"] = false;
			};
			[14] = {
				["index"] = 0;
				["solid"] = false;
			};
			[15] = {
				["index"] = 0;
				["solid"] = false;
			};
			[16] = {
				["index"] = 0;
				["solid"] = false;
			};
			[17] = {
				["index"] = 0;
				["solid"] = false;
			};
			[18] = {
				["index"] = 0;
				["solid"] = false;
			};
			[19] = {
				["index"] = 24;
				["solid"] = true;
			};
			[0] = {
				["index"] = 0;
				["solid"] = false;
			};
		};
		[33] = {
			[1] = {
				["index"] = 0;
				["solid"] = false;
			};
			[2] = {
				["index"] = 0;
				["solid"] = false;
			};
			[3] = {
				["index"] = 0;
				["solid"] = false;
			};
			[4] = {
				["index"] = 0;
				["solid"] = false;
			};
			[5] = {
				["index"] = 0;
				["solid"] = false;
			};
			[6] = {
				["index"] = 0;
				["solid"] = false;
			};
			[7] = {
				["index"] = 0;
				["solid"] = false;
			};
			[8] = {
				["index"] = 0;
				["solid"] = false;
			};
			[9] = {
				["index"] = 0;
				["solid"] = false;
			};
			[10] = {
				["index"] = 0;
				["solid"] = false;
			};
			[11] = {
				["index"] = 0;
				["solid"] = false;
			};
			[12] = {
				["index"] = 0;
				["solid"] = false;
			};
			[13] = {
				["index"] = 0;
				["solid"] = false;
			};
			[14] = {
				["index"] = 0;
				["solid"] = false;
			};
			[15] = {
				["index"] = 0;
				["solid"] = false;
			};
			[16] = {
				["index"] = 0;
				["solid"] = false;
			};
			[17] = {
				["index"] = 0;
				["solid"] = false;
			};
			[18] = {
				["index"] = 0;
				["solid"] = false;
			};
			[19] = {
				["index"] = 24;
				["solid"] = true;
			};
			[0] = {
				["index"] = 0;
				["solid"] = false;
			};
		};
		[34] = {
			[1] = {
				["index"] = 0;
				["solid"] = false;
			};
			[2] = {
				["index"] = 0;
				["solid"] = false;
			};
			[3] = {
				["index"] = 0;
				["solid"] = false;
			};
			[4] = {
				["index"] = 0;
				["solid"] = false;
			};
			[5] = {
				["index"] = 0;
				["solid"] = false;
			};
			[6] = {
				["index"] = 0;
				["solid"] = false;
			};
			[7] = {
				["index"] = 0;
				["solid"] = false;
			};
			[8] = {
				["index"] = 0;
				["solid"] = false;
			};
			[9] = {
				["index"] = 0;
				["solid"] = false;
			};
			[10] = {
				["index"] = 0;
				["solid"] = false;
			};
			[11] = {
				["index"] = 0;
				["solid"] = false;
			};
			[12] = {
				["index"] = 0;
				["solid"] = false;
			};
			[13] = {
				["index"] = 0;
				["solid"] = false;
			};
			[14] = {
				["index"] = 0;
				["solid"] = false;
			};
			[15] = {
				["index"] = 0;
				["solid"] = false;
			};
			[16] = {
				["index"] = 0;
				["solid"] = false;
			};
			[17] = {
				["index"] = 0;
				["solid"] = false;
			};
			[18] = {
				["index"] = 0;
				["solid"] = false;
			};
			[19] = {
				["index"] = 24;
				["solid"] = true;
			};
			[0] = {
				["index"] = 0;
				["solid"] = false;
			};
		};
		[35] = {
			[1] = {
				["index"] = 0;
				["solid"] = false;
			};
			[2] = {
				["index"] = 0;
				["solid"] = false;
			};
			[3] = {
				["index"] = 0;
				["solid"] = false;
			};
			[4] = {
				["index"] = 0;
				["solid"] = false;
			};
			[5] = {
				["index"] = 0;
				["solid"] = false;
			};
			[6] = {
				["index"] = 0;
				["solid"] = false;
			};
			[7] = {
				["index"] = 0;
				["solid"] = false;
			};
			[8] = {
				["index"] = 0;
				["solid"] = false;
			};
			[9] = {
				["index"] = 0;
				["solid"] = false;
			};
			[10] = {
				["index"] = 0;
				["solid"] = false;
			};
			[11] = {
				["index"] = 0;
				["solid"] = false;
			};
			[12] = {
				["index"] = 0;
				["solid"] = false;
			};
			[13] = {
				["index"] = 0;
				["solid"] = false;
			};
			[14] = {
				["index"] = 0;
				["solid"] = false;
			};
			[15] = {
				["index"] = 0;
				["solid"] = false;
			};
			[16] = {
				["index"] = 0;
				["solid"] = false;
			};
			[17] = {
				["index"] = 0;
				["solid"] = false;
			};
			[18] = {
				["index"] = 0;
				["solid"] = false;
			};
			[19] = {
				["index"] = 24;
				["solid"] = true;
			};
			[0] = {
				["index"] = 0;
				["solid"] = false;
			};
		};
		[36] = {
			[1] = {
				["index"] = 0;
				["solid"] = false;
			};
			[2] = {
				["index"] = 0;
				["solid"] = false;
			};
			[3] = {
				["index"] = 0;
				["solid"] = false;
			};
			[4] = {
				["index"] = 0;
				["solid"] = false;
			};
			[5] = {
				["index"] = 0;
				["solid"] = false;
			};
			[6] = {
				["index"] = 0;
				["solid"] = false;
			};
			[7] = {
				["index"] = 0;
				["solid"] = false;
			};
			[8] = {
				["index"] = 0;
				["solid"] = false;
			};
			[9] = {
				["index"] = 0;
				["solid"] = false;
			};
			[10] = {
				["index"] = 0;
				["solid"] = false;
			};
			[11] = {
				["index"] = 0;
				["solid"] = false;
			};
			[12] = {
				["index"] = 0;
				["solid"] = false;
			};
			[13] = {
				["index"] = 0;
				["solid"] = false;
			};
			[14] = {
				["index"] = 0;
				["solid"] = false;
			};
			[15] = {
				["index"] = 0;
				["solid"] = false;
			};
			[16] = {
				["index"] = 0;
				["solid"] = false;
			};
			[17] = {
				["index"] = 0;
				["solid"] = false;
			};
			[18] = {
				["index"] = 0;
				["solid"] = false;
			};
			[19] = {
				["index"] = 24;
				["solid"] = true;
			};
			[0] = {
				["index"] = 0;
				["solid"] = false;
			};
		};
		[37] = {
			[1] = {
				["index"] = 0;
				["solid"] = false;
			};
			[2] = {
				["index"] = 0;
				["solid"] = false;
			};
			[3] = {
				["index"] = 0;
				["solid"] = false;
			};
			[4] = {
				["index"] = 0;
				["solid"] = false;
			};
			[5] = {
				["index"] = 0;
				["solid"] = false;
			};
			[6] = {
				["index"] = 0;
				["solid"] = false;
			};
			[7] = {
				["index"] = 0;
				["solid"] = false;
			};
			[8] = {
				["index"] = 0;
				["solid"] = false;
			};
			[9] = {
				["index"] = 0;
				["solid"] = false;
			};
			[10] = {
				["index"] = 0;
				["solid"] = false;
			};
			[11] = {
				["index"] = 0;
				["solid"] = false;
			};
			[12] = {
				["index"] = 0;
				["solid"] = false;
			};
			[13] = {
				["index"] = 0;
				["solid"] = false;
			};
			[14] = {
				["index"] = 0;
				["solid"] = false;
			};
			[15] = {
				["index"] = 0;
				["solid"] = false;
			};
			[16] = {
				["index"] = 0;
				["solid"] = false;
			};
			[17] = {
				["index"] = 0;
				["solid"] = false;
			};
			[18] = {
				["index"] = 0;
				["solid"] = false;
			};
			[19] = {
				["index"] = 24;
				["solid"] = true;
			};
			[0] = {
				["index"] = 0;
				["solid"] = false;
			};
		};
		[38] = {
			[1] = {
				["index"] = 0;
				["solid"] = false;
			};
			[2] = {
				["index"] = 0;
				["solid"] = false;
			};
			[3] = {
				["index"] = 0;
				["solid"] = false;
			};
			[4] = {
				["index"] = 0;
				["solid"] = false;
			};
			[5] = {
				["index"] = 0;
				["solid"] = false;
			};
			[6] = {
				["index"] = 0;
				["solid"] = false;
			};
			[7] = {
				["index"] = 0;
				["solid"] = false;
			};
			[8] = {
				["index"] = 0;
				["solid"] = false;
			};
			[9] = {
				["index"] = 0;
				["solid"] = false;
			};
			[10] = {
				["index"] = 0;
				["solid"] = false;
			};
			[11] = {
				["index"] = 0;
				["solid"] = false;
			};
			[12] = {
				["index"] = 0;
				["solid"] = false;
			};
			[13] = {
				["index"] = 0;
				["solid"] = false;
			};
			[14] = {
				["index"] = 0;
				["solid"] = false;
			};
			[15] = {
				["index"] = 0;
				["solid"] = false;
			};
			[16] = {
				["index"] = 0;
				["solid"] = false;
			};
			[17] = {
				["index"] = 0;
				["solid"] = false;
			};
			[18] = {
				["index"] = 0;
				["solid"] = false;
			};
			[19] = {
				["index"] = 24;
				["solid"] = true;
			};
			[0] = {
				["index"] = 0;
				["solid"] = false;
			};
		};
		[39] = {
			[1] = {
				["index"] = 0;
				["solid"] = false;
			};
			[2] = {
				["index"] = 0;
				["solid"] = false;
			};
			[3] = {
				["index"] = 0;
				["solid"] = false;
			};
			[4] = {
				["index"] = 0;
				["solid"] = false;
			};
			[5] = {
				["index"] = 0;
				["solid"] = false;
			};
			[6] = {
				["index"] = 0;
				["solid"] = false;
			};
			[7] = {
				["index"] = 0;
				["solid"] = false;
			};
			[8] = {
				["index"] = 0;
				["solid"] = false;
			};
			[9] = {
				["index"] = 0;
				["solid"] = false;
			};
			[10] = {
				["index"] = 0;
				["solid"] = false;
			};
			[11] = {
				["index"] = 0;
				["solid"] = false;
			};
			[12] = {
				["index"] = 0;
				["solid"] = false;
			};
			[13] = {
				["index"] = 0;
				["solid"] = false;
			};
			[14] = {
				["index"] = 0;
				["solid"] = false;
			};
			[15] = {
				["index"] = 0;
				["solid"] = false;
			};
			[16] = {
				["index"] = 0;
				["solid"] = false;
			};
			[17] = {
				["index"] = 0;
				["solid"] = false;
			};
			[18] = {
				["index"] = 0;
				["solid"] = false;
			};
			[19] = {
				["index"] = 24;
				["solid"] = true;
			};
			[0] = {
				["index"] = 0;
				["solid"] = false;
			};
		};
		[0] = {
			[1] = {
				["index"] = 0;
				["solid"] = false;
			};
			[2] = {
				["index"] = 0;
				["solid"] = false;
			};
			[3] = {
				["index"] = 0;
				["solid"] = false;
			};
			[4] = {
				["index"] = 0;
				["solid"] = false;
			};
			[5] = {
				["index"] = 0;
				["solid"] = false;
			};
			[6] = {
				["index"] = 0;
				["solid"] = false;
			};
			[7] = {
				["index"] = 0;
				["solid"] = false;
			};
			[8] = {
				["index"] = 0;
				["solid"] = false;
			};
			[9] = {
				["index"] = 0;
				["solid"] = false;
			};
			[10] = {
				["index"] = 0;
				["solid"] = false;
			};
			[11] = {
				["index"] = 0;
				["solid"] = false;
			};
			[12] = {
				["index"] = 0;
				["solid"] = false;
			};
			[13] = {
				["index"] = 0;
				["solid"] = false;
			};
			[14] = {
				["index"] = 0;
				["solid"] = false;
			};
			[15] = {
				["index"] = 0;
				["solid"] = false;
			};
			[16] = {
				["index"] = 0;
				["solid"] = false;
			};
			[17] = {
				["index"] = 0;
				["solid"] = false;
			};
			[18] = {
				["index"] = 0;
				["solid"] = false;
			};
			[19] = {
				["index"] = 24;
				["solid"] = true;
			};
			[0] = {
				["index"] = 0;
				["solid"] = false;
			};
		};
	};
	["width"] = 40;
	["height"] = 20;
}
return obj1
