-- Persistent Data
local multiRefObjects = {

} -- multiRefObjects
local obj1 = {
	["width"] = 20;
	["height"] = 20;
	["map"] = {
		[1] = {
			[1] = {
				["solid"] = false;
				["index"] = 0;
			};
			[2] = {
				["solid"] = false;
				["index"] = 0;
			};
			[3] = {
				["solid"] = false;
				["index"] = 0;
			};
			[4] = {
				["solid"] = false;
				["index"] = 0;
			};
			[5] = {
				["solid"] = false;
				["index"] = 0;
			};
			[6] = {
				["solid"] = false;
				["index"] = 0;
			};
			[7] = {
				["solid"] = false;
				["index"] = 0;
			};
			[8] = {
				["solid"] = false;
				["index"] = 0;
			};
			[9] = {
				["solid"] = false;
				["index"] = 0;
			};
			[10] = {
				["solid"] = false;
				["index"] = 0;
			};
			[11] = {
				["solid"] = false;
				["index"] = 0;
			};
			[12] = {
				["solid"] = false;
				["index"] = 0;
			};
			[13] = {
				["solid"] = false;
				["index"] = 0;
			};
			[14] = {
				["solid"] = false;
				["index"] = 0;
			};
			[15] = {
				["solid"] = false;
				["index"] = 0;
			};
			[16] = {
				["solid"] = false;
				["index"] = 0;
			};
			[17] = {
				["solid"] = false;
				["index"] = 0;
			};
			[18] = {
				["solid"] = false;
				["index"] = 0;
			};
			[19] = {
				["solid"] = true;
				["index"] = 4;
			};
			[0] = {
				["solid"] = false;
				["index"] = 0;
			};
		};
		[2] = {
			[1] = {
				["solid"] = false;
				["index"] = 0;
			};
			[2] = {
				["solid"] = false;
				["index"] = 0;
			};
			[3] = {
				["solid"] = false;
				["index"] = 0;
			};
			[4] = {
				["solid"] = false;
				["index"] = 0;
			};
			[5] = {
				["solid"] = false;
				["index"] = 0;
			};
			[6] = {
				["solid"] = false;
				["index"] = 0;
			};
			[7] = {
				["solid"] = false;
				["index"] = 0;
			};
			[8] = {
				["solid"] = false;
				["index"] = 0;
			};
			[9] = {
				["solid"] = false;
				["index"] = 0;
			};
			[10] = {
				["solid"] = false;
				["index"] = 0;
			};
			[11] = {
				["solid"] = false;
				["index"] = 0;
			};
			[12] = {
				["solid"] = false;
				["index"] = 0;
			};
			[13] = {
				["solid"] = false;
				["index"] = 0;
			};
			[14] = {
				["solid"] = false;
				["index"] = 0;
			};
			[15] = {
				["solid"] = false;
				["index"] = 0;
			};
			[16] = {
				["solid"] = false;
				["index"] = 0;
			};
			[17] = {
				["solid"] = false;
				["index"] = 0;
			};
			[18] = {
				["solid"] = false;
				["index"] = 0;
			};
			[19] = {
				["solid"] = true;
				["index"] = 4;
			};
			[0] = {
				["solid"] = false;
				["index"] = 0;
			};
		};
		[3] = {
			[1] = {
				["solid"] = false;
				["index"] = 0;
			};
			[2] = {
				["solid"] = false;
				["index"] = 0;
			};
			[3] = {
				["solid"] = false;
				["index"] = 0;
			};
			[4] = {
				["solid"] = false;
				["index"] = 0;
			};
			[5] = {
				["solid"] = false;
				["index"] = 0;
			};
			[6] = {
				["solid"] = false;
				["index"] = 0;
			};
			[7] = {
				["solid"] = false;
				["index"] = 0;
			};
			[8] = {
				["solid"] = false;
				["index"] = 0;
			};
			[9] = {
				["solid"] = false;
				["index"] = 0;
			};
			[10] = {
				["solid"] = false;
				["index"] = 0;
			};
			[11] = {
				["solid"] = false;
				["index"] = 0;
			};
			[12] = {
				["solid"] = false;
				["index"] = 0;
			};
			[13] = {
				["solid"] = false;
				["index"] = 0;
			};
			[14] = {
				["solid"] = false;
				["index"] = 0;
			};
			[15] = {
				["solid"] = false;
				["index"] = 0;
			};
			[16] = {
				["solid"] = false;
				["index"] = 0;
			};
			[17] = {
				["solid"] = false;
				["index"] = 0;
			};
			[18] = {
				["solid"] = false;
				["index"] = 0;
			};
			[19] = {
				["solid"] = true;
				["index"] = 4;
			};
			[0] = {
				["solid"] = false;
				["index"] = 0;
			};
		};
		[4] = {
			[1] = {
				["solid"] = false;
				["index"] = 0;
			};
			[2] = {
				["solid"] = false;
				["index"] = 0;
			};
			[3] = {
				["solid"] = false;
				["index"] = 0;
			};
			[4] = {
				["solid"] = false;
				["index"] = 0;
			};
			[5] = {
				["solid"] = false;
				["index"] = 0;
			};
			[6] = {
				["solid"] = false;
				["index"] = 0;
			};
			[7] = {
				["solid"] = false;
				["index"] = 0;
			};
			[8] = {
				["solid"] = false;
				["index"] = 0;
			};
			[9] = {
				["solid"] = false;
				["index"] = 0;
			};
			[10] = {
				["solid"] = false;
				["index"] = 0;
			};
			[11] = {
				["solid"] = false;
				["index"] = 0;
			};
			[12] = {
				["solid"] = false;
				["index"] = 0;
			};
			[13] = {
				["solid"] = false;
				["index"] = 0;
			};
			[14] = {
				["solid"] = false;
				["index"] = 0;
			};
			[15] = {
				["solid"] = false;
				["index"] = 0;
			};
			[16] = {
				["solid"] = false;
				["index"] = 0;
			};
			[17] = {
				["solid"] = false;
				["index"] = 0;
			};
			[18] = {
				["solid"] = false;
				["index"] = 0;
			};
			[19] = {
				["solid"] = true;
				["index"] = 4;
			};
			[0] = {
				["solid"] = false;
				["index"] = 0;
			};
		};
		[5] = {
			[1] = {
				["solid"] = false;
				["index"] = 0;
			};
			[2] = {
				["solid"] = false;
				["index"] = 0;
			};
			[3] = {
				["solid"] = false;
				["index"] = 0;
			};
			[4] = {
				["solid"] = false;
				["index"] = 0;
			};
			[5] = {
				["solid"] = false;
				["index"] = 0;
			};
			[6] = {
				["solid"] = false;
				["index"] = 0;
			};
			[7] = {
				["solid"] = false;
				["index"] = 0;
			};
			[8] = {
				["solid"] = false;
				["index"] = 0;
			};
			[9] = {
				["solid"] = false;
				["index"] = 0;
			};
			[10] = {
				["solid"] = false;
				["index"] = 0;
			};
			[11] = {
				["solid"] = false;
				["index"] = 0;
			};
			[12] = {
				["solid"] = false;
				["index"] = 0;
			};
			[13] = {
				["solid"] = false;
				["index"] = 0;
			};
			[14] = {
				["solid"] = false;
				["index"] = 0;
			};
			[15] = {
				["solid"] = false;
				["index"] = 0;
			};
			[16] = {
				["solid"] = false;
				["index"] = 0;
			};
			[17] = {
				["solid"] = false;
				["index"] = 0;
			};
			[18] = {
				["solid"] = false;
				["index"] = 0;
			};
			[19] = {
				["solid"] = true;
				["index"] = 4;
			};
			[0] = {
				["solid"] = false;
				["index"] = 0;
			};
		};
		[6] = {
			[1] = {
				["solid"] = false;
				["index"] = 0;
			};
			[2] = {
				["solid"] = false;
				["index"] = 0;
			};
			[3] = {
				["solid"] = false;
				["index"] = 0;
			};
			[4] = {
				["solid"] = false;
				["index"] = 0;
			};
			[5] = {
				["solid"] = false;
				["index"] = 0;
			};
			[6] = {
				["solid"] = false;
				["index"] = 0;
			};
			[7] = {
				["solid"] = false;
				["index"] = 0;
			};
			[8] = {
				["solid"] = false;
				["index"] = 0;
			};
			[9] = {
				["solid"] = false;
				["index"] = 0;
			};
			[10] = {
				["solid"] = false;
				["index"] = 0;
			};
			[11] = {
				["solid"] = false;
				["index"] = 0;
			};
			[12] = {
				["solid"] = false;
				["index"] = 0;
			};
			[13] = {
				["solid"] = false;
				["index"] = 0;
			};
			[14] = {
				["solid"] = false;
				["index"] = 0;
			};
			[15] = {
				["solid"] = false;
				["index"] = 0;
			};
			[16] = {
				["solid"] = false;
				["index"] = 0;
			};
			[17] = {
				["solid"] = false;
				["index"] = 0;
			};
			[18] = {
				["solid"] = false;
				["index"] = 0;
			};
			[19] = {
				["solid"] = true;
				["index"] = 4;
			};
			[0] = {
				["solid"] = false;
				["index"] = 0;
			};
		};
		[7] = {
			[1] = {
				["solid"] = false;
				["index"] = 0;
			};
			[2] = {
				["solid"] = false;
				["index"] = 0;
			};
			[3] = {
				["solid"] = false;
				["index"] = 0;
			};
			[4] = {
				["solid"] = false;
				["index"] = 0;
			};
			[5] = {
				["solid"] = false;
				["index"] = 0;
			};
			[6] = {
				["solid"] = false;
				["index"] = 0;
			};
			[7] = {
				["solid"] = false;
				["index"] = 0;
			};
			[8] = {
				["solid"] = false;
				["index"] = 0;
			};
			[9] = {
				["solid"] = false;
				["index"] = 0;
			};
			[10] = {
				["solid"] = false;
				["index"] = 0;
			};
			[11] = {
				["solid"] = false;
				["index"] = 0;
			};
			[12] = {
				["solid"] = false;
				["index"] = 0;
			};
			[13] = {
				["solid"] = false;
				["index"] = 0;
			};
			[14] = {
				["solid"] = false;
				["index"] = 0;
			};
			[15] = {
				["solid"] = false;
				["index"] = 0;
			};
			[16] = {
				["solid"] = false;
				["index"] = 0;
			};
			[17] = {
				["solid"] = false;
				["index"] = 0;
			};
			[18] = {
				["solid"] = false;
				["index"] = 0;
			};
			[19] = {
				["solid"] = true;
				["index"] = 4;
			};
			[0] = {
				["solid"] = false;
				["index"] = 0;
			};
		};
		[8] = {
			[1] = {
				["solid"] = false;
				["index"] = 0;
			};
			[2] = {
				["solid"] = false;
				["index"] = 0;
			};
			[3] = {
				["solid"] = false;
				["index"] = 0;
			};
			[4] = {
				["solid"] = false;
				["index"] = 0;
			};
			[5] = {
				["solid"] = false;
				["index"] = 0;
			};
			[6] = {
				["solid"] = false;
				["index"] = 0;
			};
			[7] = {
				["solid"] = false;
				["index"] = 0;
			};
			[8] = {
				["solid"] = false;
				["index"] = 0;
			};
			[9] = {
				["solid"] = false;
				["index"] = 0;
			};
			[10] = {
				["solid"] = false;
				["index"] = 0;
			};
			[11] = {
				["solid"] = false;
				["index"] = 0;
			};
			[12] = {
				["solid"] = false;
				["index"] = 0;
			};
			[13] = {
				["solid"] = false;
				["index"] = 0;
			};
			[14] = {
				["solid"] = false;
				["index"] = 0;
			};
			[15] = {
				["solid"] = false;
				["index"] = 0;
			};
			[16] = {
				["solid"] = false;
				["index"] = 0;
			};
			[17] = {
				["solid"] = false;
				["index"] = 0;
			};
			[18] = {
				["solid"] = false;
				["index"] = 0;
			};
			[19] = {
				["solid"] = true;
				["index"] = 4;
			};
			[0] = {
				["solid"] = false;
				["index"] = 0;
			};
		};
		[9] = {
			[1] = {
				["solid"] = false;
				["index"] = 0;
			};
			[2] = {
				["solid"] = false;
				["index"] = 0;
			};
			[3] = {
				["solid"] = false;
				["index"] = 0;
			};
			[4] = {
				["solid"] = false;
				["index"] = 0;
			};
			[5] = {
				["solid"] = false;
				["index"] = 0;
			};
			[6] = {
				["solid"] = false;
				["index"] = 0;
			};
			[7] = {
				["solid"] = false;
				["index"] = 0;
			};
			[8] = {
				["solid"] = false;
				["index"] = 0;
			};
			[9] = {
				["solid"] = false;
				["index"] = 0;
			};
			[10] = {
				["solid"] = false;
				["index"] = 0;
			};
			[11] = {
				["solid"] = false;
				["index"] = 0;
			};
			[12] = {
				["solid"] = false;
				["index"] = 0;
			};
			[13] = {
				["solid"] = false;
				["index"] = 0;
			};
			[14] = {
				["solid"] = false;
				["index"] = 0;
			};
			[15] = {
				["solid"] = false;
				["index"] = 0;
			};
			[16] = {
				["solid"] = false;
				["index"] = 0;
			};
			[17] = {
				["solid"] = false;
				["index"] = 0;
			};
			[18] = {
				["solid"] = false;
				["index"] = 0;
			};
			[19] = {
				["solid"] = true;
				["index"] = 4;
			};
			[0] = {
				["solid"] = false;
				["index"] = 0;
			};
		};
		[10] = {
			[1] = {
				["solid"] = false;
				["index"] = 0;
			};
			[2] = {
				["solid"] = false;
				["index"] = 0;
			};
			[3] = {
				["solid"] = false;
				["index"] = 0;
			};
			[4] = {
				["solid"] = false;
				["index"] = 0;
			};
			[5] = {
				["solid"] = false;
				["index"] = 0;
			};
			[6] = {
				["solid"] = false;
				["index"] = 0;
			};
			[7] = {
				["solid"] = false;
				["index"] = 0;
			};
			[8] = {
				["solid"] = false;
				["index"] = 0;
			};
			[9] = {
				["solid"] = false;
				["index"] = 0;
			};
			[10] = {
				["solid"] = false;
				["index"] = 0;
			};
			[11] = {
				["solid"] = false;
				["index"] = 0;
			};
			[12] = {
				["solid"] = true;
				["index"] = 24;
			};
			[13] = {
				["solid"] = false;
				["index"] = 0;
			};
			[14] = {
				["solid"] = false;
				["index"] = 0;
			};
			[15] = {
				["solid"] = false;
				["index"] = 0;
			};
			[16] = {
				["solid"] = false;
				["index"] = 0;
			};
			[17] = {
				["solid"] = false;
				["index"] = 0;
			};
			[18] = {
				["solid"] = false;
				["index"] = 0;
			};
			[19] = {
				["solid"] = true;
				["index"] = 4;
			};
			[0] = {
				["solid"] = false;
				["index"] = 0;
			};
		};
		[11] = {
			[1] = {
				["solid"] = false;
				["index"] = 0;
			};
			[2] = {
				["solid"] = false;
				["index"] = 0;
			};
			[3] = {
				["solid"] = false;
				["index"] = 0;
			};
			[4] = {
				["solid"] = false;
				["index"] = 0;
			};
			[5] = {
				["solid"] = false;
				["index"] = 0;
			};
			[6] = {
				["solid"] = false;
				["index"] = 0;
			};
			[7] = {
				["solid"] = false;
				["index"] = 0;
			};
			[8] = {
				["solid"] = false;
				["index"] = 0;
			};
			[9] = {
				["solid"] = false;
				["index"] = 0;
			};
			[10] = {
				["solid"] = false;
				["index"] = 0;
			};
			[11] = {
				["solid"] = false;
				["index"] = 0;
			};
			[12] = {
				["solid"] = true;
				["index"] = 24;
			};
			[13] = {
				["solid"] = false;
				["index"] = 0;
			};
			[14] = {
				["solid"] = false;
				["index"] = 0;
			};
			[15] = {
				["solid"] = false;
				["index"] = 0;
			};
			[16] = {
				["solid"] = false;
				["index"] = 0;
			};
			[17] = {
				["solid"] = false;
				["index"] = 0;
			};
			[18] = {
				["solid"] = false;
				["index"] = 0;
			};
			[19] = {
				["solid"] = true;
				["index"] = 4;
			};
			[0] = {
				["solid"] = false;
				["index"] = 0;
			};
		};
		[12] = {
			[1] = {
				["solid"] = false;
				["index"] = 0;
			};
			[2] = {
				["solid"] = false;
				["index"] = 0;
			};
			[3] = {
				["solid"] = true;
				["index"] = 24;
			};
			[4] = {
				["solid"] = false;
				["index"] = 0;
			};
			[5] = {
				["solid"] = false;
				["index"] = 0;
			};
			[6] = {
				["solid"] = false;
				["index"] = 0;
			};
			[7] = {
				["solid"] = false;
				["index"] = 0;
			};
			[8] = {
				["solid"] = false;
				["index"] = 0;
			};
			[9] = {
				["solid"] = false;
				["index"] = 0;
			};
			[10] = {
				["solid"] = false;
				["index"] = 0;
			};
			[11] = {
				["solid"] = false;
				["index"] = 0;
			};
			[12] = {
				["solid"] = true;
				["index"] = 24;
			};
			[13] = {
				["solid"] = false;
				["index"] = 0;
			};
			[14] = {
				["solid"] = false;
				["index"] = 0;
			};
			[15] = {
				["solid"] = false;
				["index"] = 0;
			};
			[16] = {
				["solid"] = false;
				["index"] = 0;
			};
			[17] = {
				["solid"] = false;
				["index"] = 0;
			};
			[18] = {
				["solid"] = false;
				["index"] = 0;
			};
			[19] = {
				["solid"] = true;
				["index"] = 4;
			};
			[0] = {
				["solid"] = false;
				["index"] = 0;
			};
		};
		[13] = {
			[1] = {
				["solid"] = false;
				["index"] = 0;
			};
			[2] = {
				["solid"] = false;
				["index"] = 0;
			};
			[3] = {
				["solid"] = true;
				["index"] = 24;
			};
			[4] = {
				["solid"] = false;
				["index"] = 0;
			};
			[5] = {
				["solid"] = false;
				["index"] = 0;
			};
			[6] = {
				["solid"] = false;
				["index"] = 0;
			};
			[7] = {
				["solid"] = false;
				["index"] = 0;
			};
			[8] = {
				["solid"] = false;
				["index"] = 0;
			};
			[9] = {
				["solid"] = false;
				["index"] = 0;
			};
			[10] = {
				["solid"] = false;
				["index"] = 0;
			};
			[11] = {
				["solid"] = false;
				["index"] = 0;
			};
			[12] = {
				["solid"] = false;
				["index"] = 0;
			};
			[13] = {
				["solid"] = false;
				["index"] = 0;
			};
			[14] = {
				["solid"] = false;
				["index"] = 0;
			};
			[15] = {
				["solid"] = false;
				["index"] = 0;
			};
			[16] = {
				["solid"] = false;
				["index"] = 0;
			};
			[17] = {
				["solid"] = false;
				["index"] = 0;
			};
			[18] = {
				["solid"] = false;
				["index"] = 0;
			};
			[19] = {
				["solid"] = true;
				["index"] = 4;
			};
			[0] = {
				["solid"] = false;
				["index"] = 0;
			};
		};
		[14] = {
			[1] = {
				["solid"] = false;
				["index"] = 0;
			};
			[2] = {
				["solid"] = false;
				["index"] = 0;
			};
			[3] = {
				["solid"] = true;
				["index"] = 24;
			};
			[4] = {
				["solid"] = false;
				["index"] = 0;
			};
			[5] = {
				["solid"] = false;
				["index"] = 0;
			};
			[6] = {
				["solid"] = false;
				["index"] = 0;
			};
			[7] = {
				["solid"] = false;
				["index"] = 0;
			};
			[8] = {
				["solid"] = false;
				["index"] = 0;
			};
			[9] = {
				["solid"] = false;
				["index"] = 0;
			};
			[10] = {
				["solid"] = false;
				["index"] = 0;
			};
			[11] = {
				["solid"] = false;
				["index"] = 0;
			};
			[12] = {
				["solid"] = false;
				["index"] = 0;
			};
			[13] = {
				["solid"] = false;
				["index"] = 0;
			};
			[14] = {
				["solid"] = false;
				["index"] = 0;
			};
			[15] = {
				["solid"] = false;
				["index"] = 0;
			};
			[16] = {
				["solid"] = false;
				["index"] = 0;
			};
			[17] = {
				["solid"] = false;
				["index"] = 0;
			};
			[18] = {
				["solid"] = false;
				["index"] = 0;
			};
			[19] = {
				["solid"] = true;
				["index"] = 4;
			};
			[0] = {
				["solid"] = false;
				["index"] = 0;
			};
		};
		[15] = {
			[1] = {
				["solid"] = false;
				["index"] = 0;
			};
			[2] = {
				["solid"] = false;
				["index"] = 0;
			};
			[3] = {
				["solid"] = true;
				["index"] = 24;
			};
			[4] = {
				["solid"] = false;
				["index"] = 0;
			};
			[5] = {
				["solid"] = false;
				["index"] = 0;
			};
			[6] = {
				["solid"] = false;
				["index"] = 0;
			};
			[7] = {
				["solid"] = false;
				["index"] = 0;
			};
			[8] = {
				["solid"] = false;
				["index"] = 0;
			};
			[9] = {
				["solid"] = false;
				["index"] = 0;
			};
			[10] = {
				["solid"] = false;
				["index"] = 0;
			};
			[11] = {
				["solid"] = false;
				["index"] = 0;
			};
			[12] = {
				["solid"] = false;
				["index"] = 0;
			};
			[13] = {
				["solid"] = false;
				["index"] = 0;
			};
			[14] = {
				["solid"] = false;
				["index"] = 0;
			};
			[15] = {
				["solid"] = false;
				["index"] = 0;
			};
			[16] = {
				["solid"] = false;
				["index"] = 0;
			};
			[17] = {
				["solid"] = false;
				["index"] = 0;
			};
			[18] = {
				["solid"] = false;
				["index"] = 0;
			};
			[19] = {
				["solid"] = true;
				["index"] = 4;
			};
			[0] = {
				["solid"] = false;
				["index"] = 0;
			};
		};
		[16] = {
			[1] = {
				["solid"] = false;
				["index"] = 0;
			};
			[2] = {
				["solid"] = false;
				["index"] = 0;
			};
			[3] = {
				["solid"] = true;
				["index"] = 24;
			};
			[4] = {
				["solid"] = false;
				["index"] = 0;
			};
			[5] = {
				["solid"] = false;
				["index"] = 0;
			};
			[6] = {
				["solid"] = false;
				["index"] = 0;
			};
			[7] = {
				["solid"] = false;
				["index"] = 0;
			};
			[8] = {
				["solid"] = false;
				["index"] = 0;
			};
			[9] = {
				["solid"] = false;
				["index"] = 0;
			};
			[10] = {
				["solid"] = false;
				["index"] = 0;
			};
			[11] = {
				["solid"] = false;
				["index"] = 0;
			};
			[12] = {
				["solid"] = false;
				["index"] = 0;
			};
			[13] = {
				["solid"] = false;
				["index"] = 0;
			};
			[14] = {
				["solid"] = false;
				["index"] = 0;
			};
			[15] = {
				["solid"] = false;
				["index"] = 0;
			};
			[16] = {
				["solid"] = false;
				["index"] = 0;
			};
			[17] = {
				["solid"] = false;
				["index"] = 0;
			};
			[18] = {
				["solid"] = false;
				["index"] = 0;
			};
			[19] = {
				["solid"] = true;
				["index"] = 4;
			};
			[0] = {
				["solid"] = false;
				["index"] = 0;
			};
		};
		[17] = {
			[1] = {
				["solid"] = false;
				["index"] = 0;
			};
			[2] = {
				["solid"] = false;
				["index"] = 0;
			};
			[3] = {
				["solid"] = true;
				["index"] = 24;
			};
			[4] = {
				["solid"] = false;
				["index"] = 0;
			};
			[5] = {
				["solid"] = false;
				["index"] = 0;
			};
			[6] = {
				["solid"] = false;
				["index"] = 0;
			};
			[7] = {
				["solid"] = false;
				["index"] = 0;
			};
			[8] = {
				["solid"] = false;
				["index"] = 0;
			};
			[9] = {
				["solid"] = false;
				["index"] = 0;
			};
			[10] = {
				["solid"] = false;
				["index"] = 0;
			};
			[11] = {
				["solid"] = false;
				["index"] = 0;
			};
			[12] = {
				["solid"] = false;
				["index"] = 0;
			};
			[13] = {
				["solid"] = false;
				["index"] = 0;
			};
			[14] = {
				["solid"] = false;
				["index"] = 0;
			};
			[15] = {
				["solid"] = false;
				["index"] = 0;
			};
			[16] = {
				["solid"] = false;
				["index"] = 0;
			};
			[17] = {
				["solid"] = false;
				["index"] = 0;
			};
			[18] = {
				["solid"] = false;
				["index"] = 0;
			};
			[19] = {
				["solid"] = true;
				["index"] = 4;
			};
			[0] = {
				["solid"] = false;
				["index"] = 0;
			};
		};
		[18] = {
			[1] = {
				["solid"] = false;
				["index"] = 0;
			};
			[2] = {
				["solid"] = false;
				["index"] = 0;
			};
			[3] = {
				["solid"] = true;
				["index"] = 24;
			};
			[4] = {
				["solid"] = false;
				["index"] = 0;
			};
			[5] = {
				["solid"] = false;
				["index"] = 0;
			};
			[6] = {
				["solid"] = false;
				["index"] = 0;
			};
			[7] = {
				["solid"] = false;
				["index"] = 0;
			};
			[8] = {
				["solid"] = true;
				["index"] = 24;
			};
			[9] = {
				["solid"] = false;
				["index"] = 0;
			};
			[10] = {
				["solid"] = false;
				["index"] = 0;
			};
			[11] = {
				["solid"] = false;
				["index"] = 0;
			};
			[12] = {
				["solid"] = false;
				["index"] = 0;
			};
			[13] = {
				["solid"] = false;
				["index"] = 0;
			};
			[14] = {
				["solid"] = false;
				["index"] = 0;
			};
			[15] = {
				["solid"] = false;
				["index"] = 0;
			};
			[16] = {
				["solid"] = false;
				["index"] = 0;
			};
			[17] = {
				["solid"] = false;
				["index"] = 0;
			};
			[18] = {
				["solid"] = false;
				["index"] = 0;
			};
			[19] = {
				["solid"] = true;
				["index"] = 4;
			};
			[0] = {
				["solid"] = false;
				["index"] = 0;
			};
		};
		[19] = {
			[1] = {
				["solid"] = false;
				["index"] = 0;
			};
			[2] = {
				["solid"] = false;
				["index"] = 0;
			};
			[3] = {
				["solid"] = true;
				["index"] = 24;
			};
			[4] = {
				["solid"] = false;
				["index"] = 0;
			};
			[5] = {
				["solid"] = false;
				["index"] = 0;
			};
			[6] = {
				["solid"] = false;
				["index"] = 0;
			};
			[7] = {
				["solid"] = false;
				["index"] = 0;
			};
			[8] = {
				["solid"] = true;
				["index"] = 24;
			};
			[9] = {
				["solid"] = false;
				["index"] = 0;
			};
			[10] = {
				["solid"] = false;
				["index"] = 0;
			};
			[11] = {
				["solid"] = false;
				["index"] = 0;
			};
			[12] = {
				["solid"] = false;
				["index"] = 0;
			};
			[13] = {
				["solid"] = false;
				["index"] = 0;
			};
			[14] = {
				["solid"] = false;
				["index"] = 0;
			};
			[15] = {
				["solid"] = false;
				["index"] = 0;
			};
			[16] = {
				["solid"] = false;
				["index"] = 0;
			};
			[17] = {
				["solid"] = false;
				["index"] = 0;
			};
			[18] = {
				["solid"] = false;
				["index"] = 0;
			};
			[19] = {
				["solid"] = true;
				["index"] = 4;
			};
			[0] = {
				["solid"] = false;
				["index"] = 0;
			};
		};
		[0] = {
			[1] = {
				["solid"] = false;
				["index"] = 0;
			};
			[2] = {
				["solid"] = false;
				["index"] = 0;
			};
			[3] = {
				["solid"] = false;
				["index"] = 0;
			};
			[4] = {
				["solid"] = false;
				["index"] = 0;
			};
			[5] = {
				["solid"] = false;
				["index"] = 0;
			};
			[6] = {
				["solid"] = false;
				["index"] = 0;
			};
			[7] = {
				["solid"] = false;
				["index"] = 0;
			};
			[8] = {
				["solid"] = false;
				["index"] = 0;
			};
			[9] = {
				["solid"] = false;
				["index"] = 0;
			};
			[10] = {
				["solid"] = true;
				["index"] = 4;
			};
			[11] = {
				["solid"] = true;
				["index"] = 4;
			};
			[12] = {
				["solid"] = true;
				["index"] = 4;
			};
			[13] = {
				["solid"] = true;
				["index"] = 4;
			};
			[14] = {
				["solid"] = true;
				["index"] = 4;
			};
			[15] = {
				["solid"] = true;
				["index"] = 4;
			};
			[16] = {
				["solid"] = true;
				["index"] = 4;
			};
			[17] = {
				["solid"] = true;
				["index"] = 4;
			};
			[18] = {
				["solid"] = true;
				["index"] = 4;
			};
			[19] = {
				["solid"] = true;
				["index"] = 4;
			};
			[0] = {
				["solid"] = false;
				["index"] = 0;
			};
		};
	};
}
return obj1
